2025-10-20 00:51:11 [main] INFO  c.t.u.UserserviceApplication - Starting UserserviceApplication using Java 21.0.8 with PID 23048 (D:\UCSC\3rd Year\IS3113 Group Project II\userservice\target\classes started by ANJANA in D:\UCSC\3rd Year\IS3113 Group Project II\userservice)
2025-10-20 00:51:11 [main] INFO  c.t.u.UserserviceApplication - No active profile set, falling back to 1 default profile: "default"
2025-10-20 00:51:16 [main] INFO  o.s.d.r.c.RepositoryConfigurationDelegate - Multiple Spring Data modules found, entering strict repository configuration mode
2025-10-20 00:51:16 [main] INFO  o.s.d.r.c.RepositoryConfigurationDelegate - Bootstrapping Spring Data JPA repositories in DEFAULT mode.
2025-10-20 00:51:17 [main] INFO  o.s.d.r.c.RepositoryConfigurationDelegate - Finished Spring Data repository scanning in 473 ms. Found 7 JPA repository interfaces.
2025-10-20 00:51:17 [main] INFO  o.s.d.r.c.RepositoryConfigurationDelegate - Multiple Spring Data modules found, entering strict repository configuration mode
2025-10-20 00:51:17 [main] INFO  o.s.d.r.c.RepositoryConfigurationDelegate - Bootstrapping Spring Data Redis repositories in DEFAULT mode.
2025-10-20 00:51:17 [main] INFO  o.s.d.r.c.RepositoryConfigurationExtensionSupport - Spring Data Redis - Could not safely identify store assignment for repository candidate interface com.thirikkale.userservice.repository.AdminRepository; If you want this repository to be a Redis repository, consider annotating your entities with one of these annotations: org.springframework.data.redis.core.RedisHash (preferred), or consider extending one of the following types with your repository: org.springframework.data.keyvalue.repository.KeyValueRepository
2025-10-20 00:51:17 [main] INFO  o.s.d.r.c.RepositoryConfigurationExtensionSupport - Spring Data Redis - Could not safely identify store assignment for repository candidate interface com.thirikkale.userservice.repository.DocumentRepository; If you want this repository to be a Redis repository, consider annotating your entities with one of these annotations: org.springframework.data.redis.core.RedisHash (preferred), or consider extending one of the following types with your repository: org.springframework.data.keyvalue.repository.KeyValueRepository
2025-10-20 00:51:17 [main] INFO  o.s.d.r.c.RepositoryConfigurationExtensionSupport - Spring Data Redis - Could not safely identify store assignment for repository candidate interface com.thirikkale.userservice.repository.DriverRepository; If you want this repository to be a Redis repository, consider annotating your entities with one of these annotations: org.springframework.data.redis.core.RedisHash (preferred), or consider extending one of the following types with your repository: org.springframework.data.keyvalue.repository.KeyValueRepository
2025-10-20 00:51:17 [main] INFO  o.s.d.r.c.RepositoryConfigurationExtensionSupport - Spring Data Redis - Could not safely identify store assignment for repository candidate interface com.thirikkale.userservice.repository.IdSequenceRepository; If you want this repository to be a Redis repository, consider annotating your entities with one of these annotations: org.springframework.data.redis.core.RedisHash (preferred), or consider extending one of the following types with your repository: org.springframework.data.keyvalue.repository.KeyValueRepository
2025-10-20 00:51:17 [main] INFO  o.s.d.r.c.RepositoryConfigurationExtensionSupport - Spring Data Redis - Could not safely identify store assignment for repository candidate interface com.thirikkale.userservice.repository.RiderRepository; If you want this repository to be a Redis repository, consider annotating your entities with one of these annotations: org.springframework.data.redis.core.RedisHash (preferred), or consider extending one of the following types with your repository: org.springframework.data.keyvalue.repository.KeyValueRepository
2025-10-20 00:51:17 [main] INFO  o.s.d.r.c.RepositoryConfigurationExtensionSupport - Spring Data Redis - Could not safely identify store assignment for repository candidate interface com.thirikkale.userservice.repository.UserRepository; If you want this repository to be a Redis repository, consider annotating your entities with one of these annotations: org.springframework.data.redis.core.RedisHash (preferred), or consider extending one of the following types with your repository: org.springframework.data.keyvalue.repository.KeyValueRepository
2025-10-20 00:51:17 [main] INFO  o.s.d.r.c.RepositoryConfigurationExtensionSupport - Spring Data Redis - Could not safely identify store assignment for repository candidate interface com.thirikkale.userservice.repository.VehicleRepository; If you want this repository to be a Redis repository, consider annotating your entities with one of these annotations: org.springframework.data.redis.core.RedisHash (preferred), or consider extending one of the following types with your repository: org.springframework.data.keyvalue.repository.KeyValueRepository
2025-10-20 00:51:17 [main] INFO  o.s.d.r.c.RepositoryConfigurationDelegate - Finished Spring Data repository scanning in 66 ms. Found 0 Redis repository interfaces.
2025-10-20 00:51:18 [main] INFO  o.s.cloud.context.scope.GenericScope - BeanFactory id=8cc5b8bf-9286-3304-b0bd-97daa55c8d8c
2025-10-20 00:51:19 [main] INFO  o.s.b.w.e.tomcat.TomcatWebServer - Tomcat initialized with port 8081 (http)
2025-10-20 00:51:19 [main] INFO  o.a.catalina.core.StandardService - Starting service [Tomcat]
2025-10-20 00:51:19 [main] INFO  o.a.catalina.core.StandardEngine - Starting Servlet engine: [Apache Tomcat/10.1.42]
2025-10-20 00:51:19 [main] INFO  o.a.c.c.C.[.[.[/user-service] - Initializing Spring embedded WebApplicationContext
2025-10-20 00:51:19 [main] INFO  o.s.b.w.s.c.ServletWebServerApplicationContext - Root WebApplicationContext: initialization completed in 7745 ms
2025-10-20 00:51:20 [main] INFO  o.h.jpa.internal.util.LogHelper - HHH000204: Processing PersistenceUnitInfo [name: default]
2025-10-20 00:51:20 [main] INFO  org.hibernate.Version - HHH000412: Hibernate ORM core version 6.6.18.Final
2025-10-20 00:51:20 [main] INFO  o.h.c.i.RegionFactoryInitiator - HHH000026: Second-level cache disabled
2025-10-20 00:51:21 [main] INFO  o.s.o.j.p.SpringPersistenceUnitInfo - No LoadTimeWeaver setup: ignoring JPA class transformer
2025-10-20 00:51:21 [main] INFO  com.zaxxer.hikari.HikariDataSource - HikariPool-1 - Starting...
2025-10-20 00:51:21 [main] INFO  com.zaxxer.hikari.pool.HikariPool - HikariPool-1 - Added connection org.postgresql.jdbc.PgConnection@78e59b04
2025-10-20 00:51:21 [main] INFO  com.zaxxer.hikari.HikariDataSource - HikariPool-1 - Start completed.
2025-10-20 00:51:21 [main] WARN  org.hibernate.orm.deprecation - HHH90000025: PostgreSQLDialect does not need to be specified explicitly using 'hibernate.dialect' (remove the property setting and it will be selected by default)
2025-10-20 00:51:21 [main] INFO  o.hibernate.orm.connections.pooling - HHH10001005: Database info:
	Database JDBC URL [Connecting through datasource 'HikariDataSource (HikariPool-1)']
	Database driver: undefined/unknown
	Database version: 17.5
	Autocommit mode: undefined/unknown
	Isolation level: undefined/unknown
	Minimum pool size: undefined/unknown
	Maximum pool size: undefined/unknown
2025-10-20 00:51:24 [main] INFO  o.h.e.t.j.p.i.JtaPlatformInitiator - HHH000489: No JTA platform available (set 'hibernate.transaction.jta.platform' to enable JTA platform integration)
2025-10-20 00:51:24 [main] INFO  o.s.o.j.LocalContainerEntityManagerFactoryBean - Initialized JPA EntityManagerFactory for persistence unit 'default'
2025-10-20 00:51:24 [main] INFO  c.t.u.config.FirebaseConfig - Firebase initialized successfully for project: thirikkale-e32a7
2025-10-20 00:51:25 [main] INFO  o.s.d.j.r.query.QueryEnhancerFactory - Hibernate is in classpath; If applicable, HQL parser will be used.
2025-10-20 00:51:27 [main] WARN  o.s.s.c.a.a.c.InitializeUserDetailsBeanManagerConfigurer$InitializeUserDetailsManagerConfigurer - Global AuthenticationManager configured with an AuthenticationProvider bean. UserDetailsService beans will not be used by Spring Security for automatically configuring username/password login. Consider removing the AuthenticationProvider bean. Alternatively, consider using the UserDetailsService in a manually instantiated DaoAuthenticationProvider. If the current configuration is intentional, to turn off this warning, increase the logging level of 'org.springframework.security.config.annotation.authentication.configuration.InitializeUserDetailsBeanManagerConfigurer' to ERROR
2025-10-20 00:51:30 [main] INFO  o.s.cloud.commons.util.InetUtils - Cannot determine local hostname
2025-10-20 00:51:30 [main] INFO  o.s.b.a.e.web.EndpointLinksResolver - Exposing 3 endpoints beneath base path '/actuator'
2025-10-20 00:51:32 [main] INFO  o.s.cloud.commons.util.InetUtils - Cannot determine local hostname
2025-10-20 00:51:32 [main] INFO  o.s.c.n.e.c.DiscoveryClientOptionalArgsConfiguration - Eureka HTTP Client uses RestTemplate.
2025-10-20 00:51:32 [main] WARN  o.s.c.l.c.LoadBalancerCacheAutoConfiguration$LoadBalancerCaffeineWarnLogger - Spring Cloud LoadBalancer is currently working with the default cache. While this cache implementation is useful for development and tests, it's recommended to use Caffeine cache in production.You can switch to using Caffeine cache, by adding it and org.springframework.cache.caffeine.CaffeineCacheManager to the classpath.
2025-10-20 00:51:32 [main] INFO  o.s.c.n.eureka.InstanceInfoFactory - Setting initial instance status as: STARTING
2025-10-20 00:51:32 [main] INFO  c.netflix.discovery.DiscoveryClient - Initializing Eureka in region us-east-1
2025-10-20 00:51:32 [main] INFO  c.n.d.s.r.aws.ConfigClusterResolver - Resolving eureka endpoints via configuration
2025-10-20 00:51:32 [main] INFO  c.netflix.discovery.DiscoveryClient - Disable delta property : false
2025-10-20 00:51:32 [main] INFO  c.netflix.discovery.DiscoveryClient - Single vip registry refresh property : null
2025-10-20 00:51:32 [main] INFO  c.netflix.discovery.DiscoveryClient - Force full registry fetch : false
2025-10-20 00:51:32 [main] INFO  c.netflix.discovery.DiscoveryClient - Application is null : false
2025-10-20 00:51:32 [main] INFO  c.netflix.discovery.DiscoveryClient - Registered Applications size is zero : true
2025-10-20 00:51:32 [main] INFO  c.netflix.discovery.DiscoveryClient - Application version is -1: true
2025-10-20 00:51:32 [main] INFO  c.netflix.discovery.DiscoveryClient - Getting all instance registry info from the eureka server
2025-10-20 00:51:33 [main] INFO  c.netflix.discovery.DiscoveryClient - The response status is 200
2025-10-20 00:51:33 [main] INFO  c.netflix.discovery.DiscoveryClient - Starting heartbeat executor: renew interval is: 30
2025-10-20 00:51:33 [main] INFO  c.n.discovery.InstanceInfoReplicator - InstanceInfoReplicator onDemand update allowed rate per min is 4
2025-10-20 00:51:33 [main] INFO  c.netflix.discovery.DiscoveryClient - Discovery Client initialized at timestamp 1760901693623 with initial instances count: 2
2025-10-20 00:51:33 [main] INFO  o.s.c.n.e.s.EurekaServiceRegistry - Registering application USER-SERVICE with eureka with status UP
2025-10-20 00:51:33 [main] INFO  c.netflix.discovery.DiscoveryClient - Saw local status change event StatusChangeEvent [timestamp=1760901693634, current=UP, previous=STARTING]
2025-10-20 00:51:33 [DiscoveryClient-InstanceInfoReplicator-%d] INFO  c.netflix.discovery.DiscoveryClient - DiscoveryClient_USER-SERVICE/localhost:user-service:8081: registering service...
2025-10-20 00:51:33 [main] INFO  o.s.b.w.e.tomcat.TomcatWebServer - Tomcat started on port 8081 (http) with context path '/user-service'
2025-10-20 00:51:33 [main] INFO  o.s.c.n.e.s.EurekaAutoServiceRegistration - Updating port to 8081
2025-10-20 00:51:33 [DiscoveryClient-InstanceInfoReplicator-%d] INFO  c.netflix.discovery.DiscoveryClient - DiscoveryClient_USER-SERVICE/localhost:user-service:8081 - registration status: 204
2025-10-20 00:51:34 [main] INFO  o.s.cloud.commons.util.InetUtils - Cannot determine local hostname
2025-10-20 00:51:34 [main] INFO  c.t.u.UserserviceApplication - Started UserserviceApplication in 25.121 seconds (process running for 26.37)
2025-10-20 00:51:51 [http-nio-0.0.0.0-8081-exec-1] INFO  o.a.c.c.C.[.[.[/user-service] - Initializing Spring DispatcherServlet 'dispatcherServlet'
2025-10-20 00:51:51 [http-nio-0.0.0.0-8081-exec-1] INFO  o.s.web.servlet.DispatcherServlet - Initializing Servlet 'dispatcherServlet'
2025-10-20 00:51:51 [http-nio-0.0.0.0-8081-exec-1] INFO  o.s.web.servlet.DispatcherServlet - Completed initialization in 4 ms
2025-10-20 00:51:52 [http-nio-0.0.0.0-8081-exec-1] INFO  c.t.u.controller.RiderController - Get all riders request
2025-10-20 00:51:52 [http-nio-0.0.0.0-8081-exec-1] INFO  c.t.userservice.service.RiderService - Getting all riders
2025-10-20 00:52:00 [http-nio-0.0.0.0-8081-exec-2] INFO  c.t.u.controller.DriverController - Get all drivers request received
2025-10-20 00:52:00 [http-nio-0.0.0.0-8081-exec-2] INFO  c.t.u.service.DriverService - Getting all drivers
2025-10-20 00:52:00 [http-nio-0.0.0.0-8081-exec-2] INFO  c.t.u.service.DriverService - Selfie file exists: false for path: Profile picture.jpeg
2025-10-20 00:52:00 [http-nio-0.0.0.0-8081-exec-2] INFO  c.t.u.service.DriverService - Selfie file exists: false for path: Profile picture.jpeg
2025-10-20 00:52:00 [http-nio-0.0.0.0-8081-exec-2] INFO  c.t.u.service.DriverService - Selfie file exists: false for path: Profile picture.jpeg
2025-10-20 00:52:00 [http-nio-0.0.0.0-8081-exec-4] INFO  c.t.u.controller.DriverController - Get all drivers request received
2025-10-20 00:52:00 [http-nio-0.0.0.0-8081-exec-4] INFO  c.t.u.service.DriverService - Getting all drivers
2025-10-20 00:52:00 [http-nio-0.0.0.0-8081-exec-4] INFO  c.t.u.service.DriverService - Selfie file exists: false for path: Profile picture.jpeg
2025-10-20 00:52:01 [http-nio-0.0.0.0-8081-exec-4] INFO  c.t.u.service.DriverService - Selfie file exists: false for path: Profile picture.jpeg
2025-10-20 00:52:01 [http-nio-0.0.0.0-8081-exec-4] INFO  c.t.u.service.DriverService - Selfie file exists: false for path: Profile picture.jpeg
2025-10-20 00:52:09 [http-nio-0.0.0.0-8081-exec-3] INFO  c.t.u.controller.VehicleController - Get all vehicles request
2025-10-20 00:52:09 [http-nio-0.0.0.0-8081-exec-3] INFO  c.t.u.service.VehicleService - Admin: Fetching all vehicles
2025-10-20 00:52:10 [http-nio-0.0.0.0-8081-exec-6] INFO  c.t.u.controller.VehicleController - Get all vehicles request
2025-10-20 00:52:10 [http-nio-0.0.0.0-8081-exec-6] INFO  c.t.u.service.VehicleService - Admin: Fetching all vehicles
2025-10-20 00:52:29 [SpringApplicationShutdownHook] INFO  o.s.c.n.e.s.EurekaServiceRegistry - Unregistering application USER-SERVICE with eureka with status DOWN
2025-10-20 00:52:29 [SpringApplicationShutdownHook] INFO  c.netflix.discovery.DiscoveryClient - Saw local status change event StatusChangeEvent [timestamp=1760901749635, current=DOWN, previous=UP]
2025-10-20 00:52:29 [DiscoveryClient-InstanceInfoReplicator-%d] INFO  c.netflix.discovery.DiscoveryClient - DiscoveryClient_USER-SERVICE/localhost:user-service:8081: registering service...
2025-10-20 00:52:29 [SpringApplicationShutdownHook] INFO  o.s.b.w.e.tomcat.GracefulShutdown - Commencing graceful shutdown. Waiting for active requests to complete
2025-10-20 00:52:29 [DiscoveryClient-InstanceInfoReplicator-%d] INFO  c.netflix.discovery.DiscoveryClient - DiscoveryClient_USER-SERVICE/localhost:user-service:8081 - registration status: 204
2025-10-20 00:52:29 [tomcat-shutdown] INFO  o.s.b.w.e.tomcat.GracefulShutdown - Graceful shutdown complete
2025-10-20 00:52:29 [SpringApplicationShutdownHook] INFO  o.s.o.j.LocalContainerEntityManagerFactoryBean - Closing JPA EntityManagerFactory for persistence unit 'default'
2025-10-20 00:52:29 [SpringApplicationShutdownHook] INFO  com.zaxxer.hikari.HikariDataSource - HikariPool-1 - Shutdown initiated...
2025-10-20 00:52:29 [SpringApplicationShutdownHook] INFO  com.zaxxer.hikari.HikariDataSource - HikariPool-1 - Shutdown completed.
2025-10-20 00:52:29 [SpringApplicationShutdownHook] INFO  c.netflix.discovery.DiscoveryClient - Shutting down DiscoveryClient ...
2025-10-20 00:52:32 [SpringApplicationShutdownHook] INFO  c.netflix.discovery.DiscoveryClient - Unregistering ...
2025-10-20 00:52:32 [SpringApplicationShutdownHook] INFO  c.netflix.discovery.DiscoveryClient - DiscoveryClient_USER-SERVICE/localhost:user-service:8081 - deregister  status: 200
2025-10-20 00:52:32 [SpringApplicationShutdownHook] INFO  c.netflix.discovery.DiscoveryClient - Completed shut down of DiscoveryClient
